Side|1238|"Side 1, 5 tracks"
Track|393|"Innuendo"
Track|258|"Now I'm Here"
Track|255|"These Are The Days Of Our Lives"
Track|210|"Don't Stop Me Now"
Track|122|"We Will Rock You"
Side|1247|"Side 2, 5 tracks"
Track|350|"Radio Ga Ga"
Track|260|"Too Much Love Will Kill You"
Track|254|"Back Chat (Single Remix)"
Track|215|"Another One Bites The Dust"
Track|168|"Crazy Little Thing Called Love"
Side|1245|"Side 3, 5 tracks"
Track|302|"The Miracle"
Track|263|"I'm Going Slightly Mad"
Track|249|"It's A Hard Life"
Track|228|"Tie Your Mother Down (Single Version)"
Track|203|"Fat Bottomed Girls (Single Version)"
Side|1218|"Side 4, 5 tracks"
Track|286|"Let Me Live"
Track|272|"Body Language"
Track|249|"Under Pressure"
Track|230|"Save Me"
Track|181|"Bicycle Race"
Side|1214|"Side 5, 5 tracks"
Track|282|"Heaven For Everyone (Single Version)"
Track|275|"Spread Your Wings"
Track|244|"Who Wants To Live Forever (Single Version)"
Track|240|"Pain Is So Close To Pleasure (Single Remix)"
Track|173|"Good Old-Fashioned Lover Boy"
Side|1212|"Side 6, 5 tracks"
Track|279|"Headlong"
Track|278|"The Show Must Go On"
Track|243|"The Invisible Man"
Track|242|"One Vision (Single Version)"
Track|170|"Flash (Single Version)"
Side|1199|"Side 7, 5 tracks"
Track|283|"Scandal"
Track|273|"Las Palabras De Amor (The Words Of Love)"
Track|244|"I Want It All (Single Version)"
Track|230|"A Winter's Tale"
Track|169|"Seven Seas Of Rhye"
Side|1213|"Side 8, 5 tracks"
Track|299|"Somebody To Love"
Track|265|"A Kind Of Magic"
Track|249|"Breakthru"
Track|228|"Keep Yourself Alive"
Track|172|"You're My Best Friend"
Side|1239|"Side 9, 5 tracks"
Track|325|"You Don't Fool Me"
Track|262|"Thank God It's Christmas (Non-Album Single)"
Track|253|"Friends Will Be Friends"
Track|220|"Hammer To Fall (Single Edit)"
Track|179|"We Are The Champions"
Side|1263|"Side 10, 5 tracks"
Track|354|"Bohemian Rhapsody"
Track|260|"I Want To Break Free (Single Remix)"
Track|255|"No-One But You (Only The Good Die Young)"
Track|213|"Play The Game"
Track|181|"Killer Queen"
