Side|11:24:42|"Side 1, 6 tracks"
Track|00:03:48|"Keep Yourself Alive"
Track|00:02:49|"Seven Seas Of Rhye"
Track|00:05:01|"Killer Queen"
Track|01:04:18|"Now I'm Here"
Track|10:05:54|"Bohemian Rhapsody"
Track|00:02:52|"You're My Best Friend"
