
The recommended boxes are
Side 1 - 6 tracks
228 - Keep Yourself Alive
169 - Seven Seas Of Rhye
301 - Killer Queen
3858 - Now I'm Here
36354 - Bohemian Rhapsody
172 - You're My Best Friend
41082

