
The recommended sides are
Side 1 - 6 tracks
00:03:48 - Keep Yourself Alive
00:02:49 - Seven Seas Of Rhye
00:05:01 - Killer Queen
01:04:18 - Now I'm Here
10:05:54 - Bohemian Rhapsody
00:02:52 - You're My Best Friend
11:24:42

